// Jest Snapshot v1, https://goo.gl/fbAQLP

exports[`ContactForm component renders with no errors 1`] = `
<div>
  <div>
    <div
      class="contact-form-wrapper"
    />
    <div>
      <div
        id="header-bg"
      >
        <div
          class="navbar-title"
        >
          <p
            id="small"
          >
            AddContact
          </p>
        </div>
      </div>
      <div
        id="navbar-bg"
      >
        <div
          id="navbar-logo-wrapper"
        >
          <img
            alt="navbar-logo "
            id="navbar-logo"
            src="logo.svg"
          />
          <div
            id="navbar-logo-text"
            style="font-family: Sanchez One; font-weight: 700;"
          >
            CRMate
          </div>
        </div>
        <div
          id="navbar-grid"
        >
          <a
            href="/People"
          >
            <button
              class="navbar-container"
              id=""
            >
              <img
                alt="people"
                src="People.svg"
              />
              <h3>
                 People 
              </h3>
            </button>
          </a>
          <a
            href="/Favorite"
            transition="default-fade"
          >
            <button
              class="navbar-container"
              id=""
            >
              <img
                alt="favorite"
                src="Favorite.svg"
              />
              <h3>
                Favorite
              </h3>
            </button>
          </a>
          <a
            href="/AddContact"
          >
            <button
              class="navbar-container"
              id="add"
            >
              <img
                alt="addPeople"
                src="addPeople.svg"
              />
              <h3>
                Add
              </h3>
            </button>
          </a>
          <a
            href="/Data"
          >
            <button
              class="navbar-container"
              id=""
            >
              <img
                alt="dataMigration"
                src="DataMigration.svg"
              />
              <h3>
                Import/Export
              </h3>
            </button>
          </a>
        </div>
        <button
          id="navbar-logout"
        >
          <a
            href="/"
          />
          <img
            alt="logout"
            src="logout.svg"
          />
          <div
            id="navbar-logout-text"
          >
            Logout
          </div>
        </button>
      </div>
    </div>
    <div
      class="body-wrapper"
    >
      <form
        id="contact-form"
      >
        <div
          class="form-container"
        >
          <h1
            style="font-size: calc(3vw + 2vh); text-decoration: underline; line-height: 0px;"
          >
            Add Contact
          </h1>
          <h2>
            Add people to your CRM to never forget them.
          </h2>
          <div
            class="form-container__fields"
          >
            <div
              class="form-container__fields__field"
            >
              <label
                class="form-label"
                for="firstName"
              >
                First name
              </label>
              <input
                class="form-input form-input-firstname"
                id="first-name"
                name="firstName"
                value=""
              />
            </div>
            <div
              class="form-container__fields__field"
            >
              <label
                class="form-label"
                for="lastName"
              >
                Last name
              </label>
              <input
                class="form-input"
                name="lastName"
                value=""
              />
            </div>
            <div
              class="form-container__fields__field"
            >
              <label
                class="form-label"
                for="email"
              >
                Email
              </label>
              <div
                class="tag-wrapper"
              >
                <ul
                  class="tag-wrapper__tags"
                />
                <input
                  class="tag-wrapper__input"
                  id="email-input"
                  name="email"
                  placeholder="Add"
                  type="text"
                />
              </div>
            </div>
            <div
              class="form-container__fields__field"
            >
              <label
                class="form-label"
                for="phone"
              >
                Phone
              </label>
              <div
                class="tag-wrapper"
              >
                <ul
                  class="tag-wrapper__tags"
                />
                <input
                  class="tag-wrapper__input"
                  id="phone-input"
                  maxlength="30"
                  name="phone"
                  placeholder="Add"
                  type="text"
                />
              </div>
            </div>
            <div
              class="form-container__fields__field"
            >
              <label
                class="form-label"
                for="notes"
              >
                Notes
              </label>
              <textarea
                name="notes"
              />
            </div>
            <div
              class="form-container__fields__field"
            >
              <label
                class="form-label"
                for="tags"
              >
                Tags
              </label>
              <div
                class="tag-wrapper"
              >
                <ul
                  class="tag-wrapper__tags"
                />
                <input
                  class="tag-wrapper__input"
                  id="tags-input"
                  name="tags"
                  placeholder="Add"
                  type="text"
                />
              </div>
            </div>
          </div>
          <div>
            <div
              class="btn-wrapper btn-wrapper-right"
            >
              <button
                class="btn-with-shadow  form-cancel"
              >
                Cancel
              </button>
              <button
                class="btn-with-shadow  form-submit"
                id="form-submit"
                type="submit"
              >
                Submit
              </button>
            </div>
          </div>
        </div>
      </form>
    </div>
  </div>
</div>
`;
